// Jest Snapshot v1, https://goo.gl/fbAQLP

exports[`renders correctly 1`] = `
<View
  style={
    Object {
      "flex": 1,
    }
  }
>
  <RNCSafeAreaProvider
    onInsetsChange={[Function]}
    style={
      Array [
        Object {
          "flex": 1,
        },
        undefined,
      ]
    }
  >
    <View
      collapsable={false}
      pointerEvents="box-none"
      style={
        Object {
          "zIndex": 1,
        }
      }
    >
      <View
        accessibilityElementsHidden={false}
        importantForAccessibility="auto"
        onLayout={[Function]}
        pointerEvents="box-none"
        style={null}
      >
        <View
          collapsable={false}
          pointerEvents="box-none"
          style={
            Object {
              "bottom": 0,
              "left": 0,
              "opacity": 1,
              "position": "absolute",
              "right": 0,
              "top": 0,
              "zIndex": 0,
            }
          }
        >
          <View
            collapsable={false}
            style={
              Object {
                "backgroundColor": "#fff",
                "borderBottomColor": "#a7a7aa",
                "flex": 1,
                "shadowColor": "#a7a7aa",
                "shadowOffset": Object {
                  "height": 0.5,
                  "width": 0,
                },
                "shadowOpacity": 0.85,
                "shadowRadius": 0,
              }
            }
          />
        </View>
        <View
          collapsable={false}
          pointerEvents="box-none"
          style={
            Object {
              "height": 64,
              "maxHeight": undefined,
              "minHeight": undefined,
              "opacity": undefined,
              "transform": undefined,
            }
          }
        >
          <View
            pointerEvents="none"
            style={
              Object {
                "height": 20,
              }
            }
          />
          <View
            pointerEvents="box-none"
            style={
              Object {
                "alignItems": "center",
                "flex": 1,
                "flexDirection": "row",
                "justifyContent": "center",
              }
            }
          >
            <View
              collapsable={false}
              pointerEvents="box-none"
              style={
                Object {
                  "marginHorizontal": 16,
                  "opacity": 1,
                }
              }
            >
              <Text
                accessibilityRole="header"
                aria-level="1"
                collapsable={false}
                numberOfLines={1}
                onLayout={[Function]}
                style={
                  Object {
                    "color": "rgba(0, 0, 0, 0.9)",
                    "fontSize": 17,
                    "fontWeight": "600",
                  }
                }
              >
                SignIn
              </Text>
            </View>
          </View>
        </View>
      </View>
    </View>
    <RNSScreenContainer
      onLayout={[Function]}
      style={
        Object {
          "flex": 1,
        }
      }
    >
      <RNSScreen
        activityState={2}
        collapsable={false}
        forwardedRef={[Function]}
        gestureResponseDistance={
          Object {
            "bottom": -1,
            "end": -1,
            "start": -1,
            "top": -1,
          }
        }
        pointerEvents="box-none"
        style={
          Object {
            "bottom": 0,
            "left": 0,
            "position": "absolute",
            "right": 0,
            "top": 0,
          }
        }
      >
        <View
          collapsable={false}
          style={
            Object {
              "opacity": 1,
            }
          }
        />
        <View
          accessibilityElementsHidden={false}
          closing={false}
          gestureVelocityImpact={0.3}
          importantForAccessibility="auto"
          onClose={[Function]}
          onGestureBegin={[Function]}
          onGestureCanceled={[Function]}
          onGestureEnd={[Function]}
          onOpen={[Function]}
          onTransition={[Function]}
          pointerEvents="box-none"
          style={
            Array [
              Object {
                "overflow": undefined,
              },
              Object {
                "bottom": 0,
                "left": 0,
                "position": "absolute",
                "right": 0,
                "top": 0,
              },
            ]
          }
          transitionSpec={
            Object {
              "close": Object {
                "animation": "spring",
                "config": Object {
                  "damping": 500,
                  "mass": 3,
                  "overshootClamping": true,
                  "restDisplacementThreshold": 10,
                  "restSpeedThreshold": 10,
                  "stiffness": 1000,
                },
              },
              "open": Object {
                "animation": "spring",
                "config": Object {
                  "damping": 500,
                  "mass": 3,
                  "overshootClamping": true,
                  "restDisplacementThreshold": 10,
                  "restSpeedThreshold": 10,
                  "stiffness": 1000,
                },
              },
            }
          }
        >
          <View
            collapsable={false}
            needsOffscreenAlphaCompositing={false}
            pointerEvents="box-none"
            style={
              Object {
                "flex": 1,
              }
            }
          >
            <View
              collapsable={false}
              forwardedRef={[Function]}
              handlerTag={1}
              handlerType="PanGestureHandler"
              onGestureHandlerEvent={[Function]}
              onGestureHandlerStateChange={[Function]}
              style={
                Object {
                  "flex": 1,
                  "transform": Array [
                    Object {
                      "translateX": 0,
                    },
                    Object {
                      "translateX": 0,
                    },
                  ],
                }
              }
            >
              <View
                collapsable={false}
                pointerEvents="none"
                style={
                  Object {
                    "backgroundColor": "rgb(242, 242, 242)",
                    "bottom": 0,
                    "left": 0,
                    "position": "absolute",
                    "shadowColor": "#000",
                    "shadowOffset": Object {
                      "height": 1,
                      "width": -1,
                    },
                    "shadowOpacity": 0.3,
                    "shadowRadius": 5,
                    "top": 0,
                    "width": 3,
                  }
                }
              />
              <View
                style={
                  Array [
                    Object {
                      "flex": 1,
                      "overflow": "hidden",
                    },
                    Array [
                      Object {
                        "backgroundColor": "rgb(242, 242, 242)",
                      },
                      undefined,
                    ],
                  ]
                }
              >
                <View
                  style={
                    Object {
                      "flex": 1,
                      "flexDirection": "column-reverse",
                    }
                  }
                >
                  <View
                    style={
                      Object {
                        "flex": 1,
                      }
                    }
                  >
                    <RCTScrollView
                      showsVerticalScrollIndicator={false}
                    >
                      <View>
                        <View
                          style={
                            Object {
                              "alignItems": "center",
                              "padding": 20,
                            }
                          }
                        >
                          <Image
                            resizeMode="contain"
                            source={
                              Object {
                                "testUri": "../../../assets/images/Logo_1.png",
                              }
                            }
                            style={
                              Array [
                                Object {
                                  "maxHeight": 300,
                                  "maxWidth": 400,
                                  "width": "3000%",
                                },
                                Object {
                                  "height": 26680,
                                },
                              ]
                            }
                          />
                          <View
                            style={
                              Object {
                                "backgroundColor": "white",
                                "borderColor": "#e8e8e8",
                                "borderRadius": 5,
                                "borderWidth": 1,
                                "marginVertical": 5,
                                "paddingHorizontal": 10,
                                "width": "100%",
                              }
                            }
                          >
                            <TextInput
                              onChangeText={[Function]}
                              placeholder="Username"
                              style={Object {}}
                              value=""
                            />
                          </View>
                          <View
                            style={
                              Object {
                                "backgroundColor": "white",
                                "borderColor": "#e8e8e8",
                                "borderRadius": 5,
                                "borderWidth": 1,
                                "marginVertical": 5,
                                "paddingHorizontal": 10,
                                "width": "100%",
                              }
                            }
                          >
                            <TextInput
                              onChangeText={[Function]}
                              placeholder="Password"
                              secureTextEntry={true}
                              style={Object {}}
                              value=""
                            />
                          </View>
                          <View
                            accessible={true}
                            collapsable={false}
                            focusable={true}
                            onBlur={[Function]}
                            onClick={[Function]}
                            onFocus={[Function]}
                            onResponderGrant={[Function]}
                            onResponderMove={[Function]}
                            onResponderRelease={[Function]}
                            onResponderTerminate={[Function]}
                            onResponderTerminationRequest={[Function]}
                            onStartShouldSetResponder={[Function]}
                            style={
                              Array [
                                Object {
                                  "alignItems": "center",
                                  "borderRadius": 5,
                                  "marginVertical": 5,
                                  "padding": 10,
                                  "width": "100%",
                                },
                                Object {
                                  "backgroundColor": "#DD4D44",
                                },
                                Object {},
                              ]
                            }
                          >
                            <Text
                              style={
                                Array [
                                  Object {
                                    "color": "white",
                                    "fontWeight": "bold",
                                  },
                                  undefined,
                                  Object {},
                                ]
                              }
                            >
                              Sign In
                            </Text>
                          </View>
                          <View
                            accessible={true}
                            collapsable={false}
                            focusable={true}
                            onBlur={[Function]}
                            onClick={[Function]}
                            onFocus={[Function]}
                            onResponderGrant={[Function]}
                            onResponderMove={[Function]}
                            onResponderRelease={[Function]}
                            onResponderTerminate={[Function]}
                            onResponderTerminationRequest={[Function]}
                            onStartShouldSetResponder={[Function]}
                            style={
                              Array [
                                Object {
                                  "alignItems": "center",
                                  "borderRadius": 5,
                                  "marginVertical": 5,
                                  "padding": 10,
                                  "width": "100%",
                                },
                                Object {
                                  "backgroundColor": "#DD4D44",
                                },
                                Object {},
                              ]
                            }
                          >
                            <Text
                              style={
                                Array [
                                  Object {
                                    "color": "white",
                                    "fontWeight": "bold",
                                  },
                                  undefined,
                                  Object {},
                                ]
                              }
                            >
                              Guest mode
                            </Text>
                          </View>
                          <View
                            accessible={true}
                            collapsable={false}
                            focusable={true}
                            onBlur={[Function]}
                            onClick={[Function]}
                            onFocus={[Function]}
                            onResponderGrant={[Function]}
                            onResponderMove={[Function]}
                            onResponderRelease={[Function]}
                            onResponderTerminate={[Function]}
                            onResponderTerminationRequest={[Function]}
                            onStartShouldSetResponder={[Function]}
                            style={
                              Array [
                                Object {
                                  "alignItems": "center",
                                  "borderRadius": 5,
                                  "marginVertical": 5,
                                  "padding": 10,
                                  "width": "100%",
                                },
                                Object {},
                                Object {},
                              ]
                            }
                          >
                            <Text
                              style={
                                Array [
                                  Object {
                                    "color": "white",
                                    "fontWeight": "bold",
                                  },
                                  Object {
                                    "color": "gray",
                                  },
                                  Object {},
                                ]
                              }
                            >
                              Forgot password?
                            </Text>
                          </View>
                          <View
                            accessible={true}
                            collapsable={false}
                            focusable={true}
                            onBlur={[Function]}
                            onClick={[Function]}
                            onFocus={[Function]}
                            onResponderGrant={[Function]}
                            onResponderMove={[Function]}
                            onResponderRelease={[Function]}
                            onResponderTerminate={[Function]}
                            onResponderTerminationRequest={[Function]}
                            onStartShouldSetResponder={[Function]}
                            style={
                              Array [
                                Object {
                                  "alignItems": "center",
                                  "borderRadius": 5,
                                  "marginVertical": 5,
                                  "padding": 10,
                                  "width": "100%",
                                },
                                Object {},
                                Object {},
                              ]
                            }
                          >
                            <Text
                              style={
                                Array [
                                  Object {
                                    "color": "white",
                                    "fontWeight": "bold",
                                  },
                                  Object {
                                    "color": "gray",
                                  },
                                  Object {},
                                ]
                              }
                            >
                              Don't have an account? Create one
                            </Text>
                          </View>
                        </View>
                      </View>
                    </RCTScrollView>
                  </View>
                </View>
              </View>
            </View>
          </View>
        </View>
      </RNSScreen>
    </RNSScreenContainer>
  </RNCSafeAreaProvider>
</View>
`;
